// Vitest Snapshot v1, https://vitest.dev/guide/snapshot.html

exports[`buildFeatureMarkdown > 스냅샷: 대표 입력으로 생성된 마크다운이 일관되어야 한다 1`] = `
"# 사용자 인증 — 기능 PRD

> 프로젝트: TaskFlow

## 1. 개요

이메일/비밀번호 기반 로그인 및 회원가입 기능 제공

## 2. 사용자 스토리

- 사용자는 이메일로 회원가입할 수 있다
- 사용자는 로그인할 수 있다

## 3. 기능 요구사항

| # | 요구사항 |
|---|---|
| 1 | 회원가입 폼 |
| 2 | 로그인 폼 |
| 3 | JWT 토큰 발급 |
| 4 | 비밀번호 해싱 |

## 4. 코드 분석 결과

AI 분석 결과 텍스트

## 5. 수용 기준

- [ ] 회원가입 후 자동 로그인
- [ ] 잘못된 비밀번호 시 에러 메시지
- [ ] 토큰 만료 시 리다이렉트

## 6. 비기능 요구사항

- 응답 시간 500ms 이내
- 비밀번호 bcrypt 해싱

## 7. 영향 범위

auth 모듈, API /api/auth/\\*, 미들웨어

## 8. 리스크 및 완화 전략

- 토큰 탈취 위험 \\- httpOnly 쿠키 사용
- 비밀번호 유출 \\- bcrypt \\+ salt

## 9. 예상 타임라인

1주차: 설계, 2주차: 구현, 3주차: 테스트
"
`;
